[thalya.ma/index.html]
[backblue.gif]
[fade.gif]
[index.html]
[connect.facebook.net/en_US/fbevents.js]
[thalya.ma/static/favicon/apple-icon-57x57.png]
[thalya.ma/static/favicon/apple-icon-60x60.png]
[thalya.ma/static/favicon/apple-icon-72x72.png]
[thalya.ma/static/favicon/apple-icon-76x76.png]
[thalya.ma/static/favicon/apple-icon-114x114.png]
[thalya.ma/static/favicon/apple-icon-120x120.png]
[thalya.ma/static/favicon/apple-icon-144x144.png]
[thalya.ma/static/favicon/apple-icon-152x152.png]
[thalya.ma/static/favicon/apple-icon-180x180.png]
[thalya.ma/static/favicon/android-icon-192x192.png]
[thalya.ma/static/favicon/favicon-32x32.png]
[thalya.ma/static/favicon/favicon-96x96.png]
[thalya.ma/static/favicon/favicon-16x16.png]
[thalya.ma/static/favicon/manifest.json]
[stackpath.bootstrapcdn.com/bootstrap/4.5.2/css/bootstrap.min.css]
[thalya.ma/static/css/style.desktop.css]
[thalya.ma/static/css/style.tablet.css]
[thalya.ma/static/css/style.tablet-small.css]
[thalya.ma/static/css/style.mobile.css]
[thalya.ma/static/css/style.retina.css]
[thalya.ma/static/css/animate.css]
[thalya.ma/static/css/custom-newd513.css]
[cdnjs.cloudflare.com/ajax/libs/font-awesome/5.15.2/css/all.min.css]
[thalya.ma/precieuse-oil.html]
[thalya.ma/precieuse-night.html]
[thalya.ma/precieuse-day.html]
[thalya.ma/static/images/lp-1/thalya-logo.png]
[thalya.ma/static/images/lp-1/thalya-home-1.jpg]
[thalya.ma/static/images/lp-1/img1.png]
[thalya.ma/static/images/lp-1/img2.png]
[thalya.ma/static/images/lp-1/img3.png]
[thalya.ma/static/images/lp-1/produit-2.png]
[thalya.ma/static/images/lp-1/icon-plus.png]
[thalya.ma/static/images/lp-1/produit-1.png]
[thalya.ma/static/images/lp-1/produit-3.png]
[thalya.ma/static/images/lp-1/utilisation.png]
[thalya.ma/static/images/lp-1/about-thalya.png]
[thalya.ma/static/images/lp-1/certif.png]
[thalya.ma/static/images/lp-1/stars.png]
[thalya.ma/static/images/lp-1/p1-1.webp]
[thalya.ma/static/images/lp-1/p2-2.webp]
[thalya.ma/static/images/lp-1/p3-3.webp]
[thalya.ma/static/images/lp-1/img-9.jpg]
[thalya.ma/static/images/lp-1/quality.png]
[thalya.ma/static/images/lp-1/call.png]
[thalya.ma/static/images/lp-1/money.png]
[thalya.ma/static/images/lp-1/deliv.png]
[thalya.ma/static/js/lib/jquery-3.0.0.min.js]
[thalya.ma/static/js/lib/owl.carousel.min.js]
[thalya.ma/static/js/scripts.js]
[thalya.ma/static/js/lib/jquery.validate.js]
[api.chipware.co.za/js/flipclock-min.js]
[thalya.ma/index.html]
[connect.facebook.net/en_US/fbevents.js]
[stackpath.bootstrapcdn.com/bootstrap/4.5.2/css/bootstrap.min.css]
[thalya.ma/static/images/white-transparent-bg.png]
[thalya.ma/static/images/six-section-bg.jpg]
[thalya.ma/static/css/style.desktop.css]
[thalya.ma/static/css/style.tablet.css]
[thalya.ma/static/css/style.tablet-small.css]
[thalya.ma/static/css/style.mobile.css]
[thalya.ma/static/css/style.retina.css]
[thalya.ma/static/css/animate.css]
[thalya.ma/static/images/lp-1/divider.png]
[thalya.ma/static/css/custom-newd513.css]
[api.chipware.co.za/css/flipclock.css]
[cdnjs.cloudflare.com/ajax/libs/font-awesome/5.15.2/css/all.min.css]
[thalya.ma/static/favicon/ms-icon-144x144.png]
[thalya.ma/static/css/customb08a.css]
[thalya.ma/static/images/lp-4/home-4-v3.jpg]
[thalya.ma/static/images/lp-4/first-4.png]
[thalya.ma/static/images/lp-4/ingr-4.jpg]
[thalya.ma/static/images/lp-4/utilisation-4.png]
[thalya.ma/static/images/lp-4/p1-4.jpg]
[thalya.ma/static/images/lp-1/p1.jpg]
[thalya.ma/precieuse-oil.html]
[thalya.ma/static/images/lp-3/home-3-v3.jpg]
[thalya.ma/static/images/lp-3/first-3.png]
[thalya.ma/static/images/lp-3/ingr-3.jpg]
[thalya.ma/static/images/lp-3/utilisation-3.png]
[thalya.ma/static/images/lp-3/p1-3.jpg]
[thalya.ma/static/images/lp-3/p2-3.jpg]
[thalya.ma/precieuse-night.html]
[thalya.ma/static/css/custome697.css]
[thalya.ma/static/images/lp-2/home-2-v3.jpg]
[thalya.ma/static/images/lp-2/thalya-1.png]
[thalya.ma/static/images/lp-2/ingr.jpg]
[thalya.ma/static/images/lp-2/utilisa.png]
[thalya.ma/static/images/lp-2/p-a.jpg]
[thalya.ma/static/images/lp-2/p-b.jpg]
[thalya.ma/precieuse-day.html]
[thalya.ma/c.html]
[thalya.ma/b.html]
[thalya.ma/POST.html]
[thalya.ma/static/images/radio-1.html]
[thalya.ma/static/images/radio-2.html]
[thalya.ma/static/images/icon-riskfree.html]
[thalya.ma/static/images/icon-30off.html]
[thalya.ma/static/images/icon-safe-buy.html]
[thalya.ma/static/images/header-section-logo.html]
[thalya.ma/static/images/first-section-bg.html]
[thalya.ma/static/images/first-section-product-image.html]
[thalya.ma/static/images/first-section-woman-image.html]
[thalya.ma/static/images/icon-exclamation.html]
[thalya.ma/static/images/icon-close.html]
[thalya.ma/static/images/first-section-form-icons.html]
[thalya.ma/static/images/second-section-bg.html]
[thalya.ma/static/images/second-section-list-icon.html]
[thalya.ma/static/images/third-section-image1.html]
[thalya.ma/static/images/third-section-image2.html]
[thalya.ma/static/images/FDM.html]
[thalya.ma/static/images/lematin.html]
[thalya.ma/static/images/fourth-section-bg.html]
[thalya.ma/static/images/kwan.html]
[thalya.ma/static/images/foruth-section-arrow.html]
[thalya.ma/static/images/fourth-section-bottle-image.html]
[thalya.ma/static/images/testimonial-image1.html]
[thalya.ma/static/images/testimonial-image2.html]
[thalya.ma/static/images/testimonial-image3.html]
[thalya.ma/static/images/testimonial-image4.html]
[thalya.ma/static/images/testimonial-image5.html]
[thalya.ma/static/images/six-section-bottles-image.html]
[thalya.ma/static/images/footer-seciton-cards-icon.html]
[thalya.ma/static/images/footer-section-logo.html]
[thalya.ma/static/images/footer-section-info-icon.html]
[thalya.ma/static/images/product-block-image1.html]
[thalya.ma/static/images/product-block-image2.html]
[thalya.ma/static/images/product-block-image3.html]
[thalya.ma/static/images/product-block-image4.html]
[thalya.ma/static/images/product-block-image5.html]
[thalya.ma/static/images/product-block-image6.html]
[thalya.ma/static/images/icon-usa-flag.html]
[thalya.ma/static/images/icon-question.html]
[thalya.ma/static/images/icon-delivery.html]
[thalya.ma/static/images/icon-gift.html]
[thalya.ma/static/images/icon-satisfaction.html]
[thalya.ma/static/images/order-arrow-image.html]
[thalya.ma/static/images/sticker-bottom-image.html]
[thalya.ma/static/images/second-section-tablet-image.html]
[thalya.ma/static/images/icon-riskfree-2x.html]
[thalya.ma/static/images/icon-30off-2x.html]
[thalya.ma/static/images/icon-safe-buy-2x.html]
[thalya.ma/static/images/header-section-logo-2x.html]
[thalya.ma/static/images/first-section-bg-2x.html]
[thalya.ma/static/images/cure.html]
[thalya.ma/static/images/brosse.html]
[thalya.ma/static/images/first-section-form-icons-2x.html]
[thalya.ma/static/images/second-section-bg-2x.html]
[thalya.ma/static/images/second-section-list-icon-2x.html]
[thalya.ma/static/images/foruth-section-arrow-2x.html]
[thalya.ma/static/images/second-section-tablet-image-2x.html]
[thalya.ma/static/images/third-section-image1-2x.html]
[thalya.ma/static/images/third-section-image2-2x.html]
[thalya.ma/static/images/fourth-section-bg-2x.html]
[thalya.ma/static/images/fourth-section-bottle-image-2x.html]
[thalya.ma/static/images/img-nlp-10.html]
[thalya.ma/static/images/img-nlp-11.html]
[thalya.ma/static/images/img-nlp-12.html]
[thalya.ma/static/images/img-nlp-13.html]
[thalya.ma/static/images/img-nlp-14.html]
[thalya.ma/static/images/six-section-bg-2x.html]
[thalya.ma/static/images/six-section-bottles-image-2x.html]
[thalya.ma/static/images/footer-section-logo-2x.html]
[thalya.ma/static/images/footer-seciton-cards-icon-2x.html]
[thalya.ma/static/images/footer-section-info-icon-2x.html]
[thalya.ma/static/images/icon-usa-flag-2x.html]
[thalya.ma/static/images/order-arrow-image-2x.html]
[thalya.ma/static/images/icon-satisfaction-2x.html]
[thalya.ma/static/images/icon-gift-2x.html]
[thalya.ma/static/images/icon-delivery-2x.html]
[thalya.ma/static/images/icon-question-2x.html]
[thalya.ma/static/images/sticker-bottom-image-2x.html]
[thalya.ma/static/images/fifth-section-image1.html]
[thalya.ma/static/images/fifth-section-image2.html]
[thalya.ma/static/images/fifth-section-image3.html]
[thalya.ma/static/images/fifth-section-image4.html]
[thalya.ma/static/images/fifth-section-image5.html]
[thalya.ma/static/images/icon-ok-green.html]
[thalya.ma/static/css/customb08a.css]
[thalya.ma/static/css/custome697.css]
